Copyright 1986-2022 Xilinx, Inc. All Rights Reserved. Copyright 2022-2024 Advanced Micro Devices, Inc. All Rights Reserved.
--------------------------------------------------------------------------------------------------------------------------------------------------------------------
| Tool Version      : Vivado v.2024.1 (win64) Build 5076996 Wed May 22 18:37:14 MDT 2024
| Date              : Tue Dec 17 13:54:56 2024
| Host              : DESKTOP-R9-7945HX running 64-bit major release  (build 9200)
| Command           : report_bus_skew -warn_on_violation -file top_design_bus_skew_routed.rpt -pb top_design_bus_skew_routed.pb -rpx top_design_bus_skew_routed.rpx
| Design            : top_design
| Device            : xck26-sfvc784
| Speed File        : -2LV  PRODUCTION 1.30 05-15-2022
| Design State      : Routed
| Temperature Grade : C
--------------------------------------------------------------------------------------------------------------------------------------------------------------------

Bus Skew Report

No bus skew constraints

