#-----------------------------------------------------------
# Vivado v2024.1 (64-bit)
# SW Build 5076996 on Wed May 22 18:37:14 MDT 2024
# IP Build 5075265 on Wed May 22 21:45:21 MDT 2024
# SharedData Build 5076995 on Wed May 22 18:29:18 MDT 2024
# Start of session at: Fri Dec 13 22:12:07 2024
# Process ID: 37872
# Current directory: D:/GiaPhuc/Project_1/Dense_0/project_1/project_1.runs/blk_mem_gen_0_synth_1
# Command line: vivado.exe -log blk_mem_gen_0.vds -product Vivado -mode batch -messageDb vivado.pb -notrace -source blk_mem_gen_0.tcl
# Log file: D:/GiaPhuc/Project_1/Dense_0/project_1/project_1.runs/blk_mem_gen_0_synth_1/blk_mem_gen_0.vds
# Journal file: D:/GiaPhuc/Project_1/Dense_0/project_1/project_1.runs/blk_mem_gen_0_synth_1\vivado.jou
# Running On        :DESKTOP-R9-7945HX
# Platform          :Windows Server 2016 or Windows 10
# Operating System  :22631
# Processor Detail  :AMD Ryzen 9 7945HX with Radeon Graphics        
# CPU Frequency     :2495 MHz
# CPU Physical cores:16
# CPU Logical cores :32
# Host memory       :16308 MB
# Swap memory       :20401 MB
# Total Virtual     :36709 MB
# Available Virtual :16349 MB
#-----------------------------------------------------------
source blk_mem_gen_0.tcl -notrace
